INFO:fu.compiler:Output binary `a.out`: 237 Bytes
