CRITICAL:fu.compiler:Nothing to compile (no `main` symbol). Exiting.
