  [91mError: No entrypoint (symbol named `main`) found in global scope.[0;2m
