x x x x x x Failed to lex `Identity`: Expected Colon
INFO:fu.compiler:Output binary `a.out`: 1.01 KiB
