INFO:fu.compiler:Output binary `a.out`: 638 Bytes
