---------- test\regression\func_call_2.fu ----------
[2m   3 | test: u8() => [0;2mtest2() + 2[2m0;[0m[0;0m <-- Checks for infix operator '+' are not implemented! [0;2m(test\regression\func_call_2.fu:3:15-25)
[0m[m