INFO:fu.compiler:Output binary `a.out`: 352 Bytes
