INFO:fu.compiler:Output binary `a.out`: 878 Bytes
