INFO:fu.compiler:Output binary `a.out`: 855 Bytes
