------------- test\regression\maths.fu -------------
[2m   4 |   c: u32 = a [0;2m- b[2m; // 98[0m[0;0m <-- Checks for infix operator '-' are not implemented! [0;2m(test\regression\maths.fu:4:14-16)
[0m[m[0;2m-----+[0m
[2m   5 |   d: u32 = a [0;2m* b[2m; // 200[0m[0;0m <-- Checks for infix operator '*' are not implemented! [0;2m(test\regression\maths.fu:5:14-16)
[0m[m[0;2m-----+[0m
[2m   6 |   e: u32 = a [0;2m/ b[2m; // 50[0m[0;0m <-- Checks for infix operator '/' are not implemented! [0;2m(test\regression\maths.fu:6:14-16)
[0m[m[0;2m-----+[0m
[2m   7 |   return c [0;2m+ d[2m + e; // 98 + 200 + 50 = 348[0m[0;0m <-- Checks for infix operator '+' are not implemented! [0;2m(test\regression\maths.fu:7:12-14)
[0m[m[0;2m-----+[0m
[2m   7 |   return c [0;2m+ d + e[2m; // 98 + 200 + 50 = 348[0m[0;0m <-- Checks for infix operator '+' are not implemented! [0;2m(test\regression\maths.fu:7:12-18)
[0m[m