INFO:fu.compiler:Output binary `a.out`: 375 Bytes
