INFO:fu.compiler:Output binary `a.out`: 621 Bytes
